// Jest Snapshot v1, https://goo.gl/fbAQLP

exports[`Pruebas para el componente addCategory Debe de mostrarse correctamente 1`] = `
<Fragment>
  <form
    onSubmit={[Function]}
  >
    <input
      autoComplete="off"
      id="add"
      onChange={[Function]}
      placeholder="Buscar GIF..."
      type="text"
      value=""
    />
  </form>
</Fragment>
`;
