// Jest Snapshot v1, https://goo.gl/fbAQLP

exports[`Pruebas del componente gifgriditem Se debe mostrar el componente correctamente 1`] = `
<Fragment>
  <div
    className="card animate__animated animate__fadeInLeft"
  >
    <img
      alt="Hola mundo"
      src="https://google.com"
    />
    <p>
      Hola mundo
    </p>
  </div>
</Fragment>
`;
